<style>
		<div></div><div></div><div></div>
    	<?php echo 'HelloWorld' ?><div></div>
</style>
<script>
		<div></div><div></div><div></div>
    	<?php echo 'HelloWorld' ?><div></div>
</script>
<div>
	<div>			
			div
				h1 Indented block in macdom
	</div>
</div>
<div data-math="10 > 5"></div>
<div data-math='10 > 5'></div>
<style>
	h1 {color:red;}
</style>
<style>
	h1 {color:blue;}
</style>
<div class="<?php echo $classes ?>"></div>
Some text and
<script script type="text/javascript" src=" somescript.js"></script>
