<!-- Codes by HTML.am -->
<!-- CSS Code -->
<style type="text/css" scoped>
table.GeneratedTable {
width:100%;
background-color:#FFFFFF;
border-collapse:collapse;border-width:1px;
border-color:#336600;
border-style:solid;
color:#009900;
}

table.GeneratedTable td, table.GeneratedTable th {
border-width:1px;
border-color:#336600;
border-style:solid;
padding:3px;
}

table.GeneratedTable thead {
background-color:#CCFF99;
}
</style>
<!-- HTML Code -->
<table class="GeneratedTable">
	<thead>
		<tr>
			<th>
				Header Cell 1
			</th>
			<th>
				Header Cell 2
			</th>
			<th>
				Header Cell 3
			</th>
		</tr>
	</thead>
	<tbody>
		<tr>
			<td>
				Row 1, Cell 1
			</td>
			<td>
				Row 1, Cell 2
			</td>
			<td>
				Row 1, Cell 3
			</td>
		</tr>
		<tr>
			<td>
				Row 2, Cell 1
			</td>
			<td>
				Row 2, Cell 2
			</td>
			<td>
				Row 2, Cell 3
			</td>
		</tr>
		<tr>
			<td>
				Row 3, Cell 1
			</td>
			<td>
				Row 3, Cell 2
			</td>
			<td>
				Row 3, Cell 3
			</td>
		</tr>
	</tbody>
</table>
